I'm sorry, but errors were detected in your script. Please correct the
errors listed below, and try again.


File "game/token_setter.rpy", line 3: expected an indented block
    @property
     ^
    

Ren'Py Version: Ren'Py 8.0.0.22062402
Tue Oct 31 00:44:52 2023
